node.exe : 
(node:26600) 
[DEP0040] 
DeprecationWarning: 
The `punycode` 
module is 
deprecated. Please 
use a userland 
alternative instead.
At C:\Users\ab_mf\App
Data\Roaming\npm\eas.
ps1:24 char:5
+     & "node$exe"  "
$basedir/node_modules
/eas-cli/bin/run" 
$args
+     ~~~~~~~~~~~~~~~
~~~~~~~~~~~~~~~~~~~~~
~~~~~~~~~~~~~~~~~~~~~
~~
    + CategoryInfo   
           : NotSpe  
  cified: ((node:2   
 6600) [D...nativ    
e instead.:Strin    
g) [], RemoteExc    
eption
    + FullyQualified 
   ErrorId : Native  
  CommandError
 
(Use `node 
--trace-deprecation 
...` to show where 
the warning was 
created)

ΓÜá∩╕Å Detected that your app uses Expo Go for development, this is not recommended when building production apps.
Learn more: https://expo.fyi/why-not-build-expo-go-for-production
To suppress this warning, set EAS_BUILD_NO_EXPO_GO_WARNING=true.

Resolved "production" environment for the build. Learn more: https://docs.expo.dev/eas/environment-variables/#setting-the-environment-for-your-builds
No environment variables with visibility "Plain text" and "Sensitive" found for the "production" environment on EAS.



Γ£ö Using remote Android credentials (Expo server)
Γ£ö Using Keystore 
from configuration: 
Build Credentials 
9HeOeMab28 (default)

Compressing project files and uploading to EAS Build. Learn more: https://expo.fyi/eas-build-archive
- Compressing 
project files\ 
Compressing project 
files| Compressing 
project files/ 
Compressing project 
files- Compressing 
project files\ 
Compressing project 
files| Compressing 
project files/ 
Compressing project 
files- Compressing 
project files\ 
Compressing project 
files| Compressing 
project filesΓ£ö 
Compressed project 
files 2s (3.1 MB)
- Uploading to EAS 
Build (0 / 3.1 MB)\ 
Uploading to EAS 
Build (64.0 KB / 3.1 
MB)| Uploading to 
EAS Build (192 KB / 
3.1 MB)/ Uploading 
to EAS Build (384 KB 
/ 3.1 MB)- Uploading 
to EAS Build (576 KB 
/ 3.1 MB)\ Uploading 
to EAS Build (576 KB 
/ 3.1 MB)| Uploading 
to EAS Build (1.1 MB 
/ 3.1 MB)/ Uploading 
to EAS Build (2.1 MB 
/ 3.1 MB)- Uploading 
to EAS Build (2.7 MB 
/ 3.1 MB)\ Uploading 
to EAS Build (3.1 MB 
/ 3.1 MB)| Uploading 
to EAS Build (3.1 MB 
/ 3.1 MB)/ Uploading 
to EAS Build (3.1 MB 
/ 3.1 MB)- Uploading 
to EAS Build (3.1 MB 
/ 3.1 MB)\ Uploading 
to EAS Build (3.1 MB 
/ 3.1 MB)| Uploading 
to EAS Build (3.1 MB 
/ 3.1 MB)/ Uploading 
to EAS Build (3.1 MB 
/ 3.1 MB)- Uploading 
to EAS Build (3.1 MB 
/ 3.1 MB)\ Uploading 
to EAS Build (3.1 MB 
/ 3.1 MB)Γ£ö 
Uploaded to EAS 2s
Γî¢∩╕Å Computing the project fingerprint is taking longer than expected...
ΓÅ⌐ To skip this step, set the environment variable: EAS_SKIP_AUTO_FINGERPRINT=1
- Computing project 
fingerprint\ 
Computing project 
fingerprint| 
Computing project 
fingerprint/ 
Computing project 
fingerprint- 
Computing project 
fingerprint\ 
Computing project 
fingerprint| 
Computing project 
fingerprint/ 
Computing project 
fingerprint- 
Computing project 
fingerprint\ 
Computing project 
fingerprint| 
Computing project 
fingerprint/ 
Computing project 
fingerprint- 
Computing project 
fingerprint\ 
Computing project 
fingerprint| 
Computing project 
fingerprint/ 
Computing project 
fingerprint- 
Computing project 
fingerprint\ 
Computing project 
fingerprint| 
Computing project 
fingerprint/ 
Computing project 
fingerprint- 
Computing project 
fingerprint\ 
Computing project 
fingerprint| 
Computing project 
fingerprint/ 
Computing project 
fingerprint- 
Computing project 
fingerprint\ 
Computing project 
fingerprint| 
Computing project 
fingerprint/ 
Computing project 
fingerprint- 
Computing project 
fingerprint\ 
Computing project 
fingerprint| 
Computing project 
fingerprint/ 
Computing project 
fingerprint- 
Computing project 
fingerprint\ 
Computing project 
fingerprint| 
Computing project 
fingerprint/ 
Computing project 
fingerprint- 
Computing project 
fingerprint- 
Computing project 
fingerprint- 
Computing project 
fingerprintΓ£ö 
Computed project 
fingerprint

See logs: https://expo.dev/accounts/abdullahfofana00881/projects/immoci-mobile-ui-kit-prototype/builds/a512ea7f-5bc2-4f94-9900-4df5df185a96

Waiting for build to complete. You can press Ctrl+C to exit.
- Waiting for build 
to complete.\ 
Waiting for build to 
complete.| Waiting 
for build to 
complete./ Waiting 
for build to 
complete.- Build 
queued...\ Build 
queued...| Build 
queued.../ Build 
queued...- Build 
queued...\ Build 
queued...| Build 
queued.../ Build 
queued...- Build 
queued...\ Build 
queued...| Build 
queued.../ Build 
queued...- Build 
queued...\ Build 
queued...| Build 
queued.../ Build 
queued...- Build 
queued...\ Build 
queued...| Build 
queued.../ Build 
queued...- Build 
queued...\ Build 
queued...| Build 
queued.../ Build 
queued...- Build 
queued...\ Build 
queued...| Build 
queued.../ Build 
queued...- Build 
queued...\ Build 
queued...| Build 
queued.../ Build 
queued...- Build 
queued...\ Build 
queued...| Build 
queued.../ Build 
queued...- Build 
queued...\ Build 
queued...| Build 
queued.../ Build 
queued...- Build 
queued...\ Build 
queued...| Build 
queued.../ Build 
queued...- Build 
queued...\ Build 
queued...| Build 
queued.../ Build 
queued...- Build 
queued...\ Build 
queued...| Build 
queued.../ Build 
queued...- Build 
queued...\ Build 
queued...| Build 
queued.../ Build 
queued...- Build 
queued...\ Build 
queued...| Build 
queued.../ Build 
queued...- Build 
queued...\ Build 
queued...| Build 
queued.../ Build 
queued...- Build 
queued...\ Build 
queued...| Build 
queued.../ Build 
queued...- Build 
queued...\ Build 
queued...| Build 
queued.../ Build 
queued...- Build 
queued...\ Build 
queued...| Build 
queued.../ Build 
queued...- Build in 
progress...\ Build 
in progress...| 
Build in 
progress.../ Build 
in progress...- 
Build in 
progress...\ Build 
in progress...| 
Build in 
progress.../ Build 
in progress...- 
Build in 
progress...\ Build 
in progress...| 
Build in 
progress.../ Build 
in progress...- 
Build in 
progress...\ Build 
in progress...| 
Build in 
progress.../ Build 
in progress...- 
Build in 
progress...\ Build 
in progress...| 
Build in 
progress.../ Build 
in progress...- 
Build in 
progress...\ Build 
in progress...| 
Build in 
progress.../ Build 
in progress...- 
Build in 
progress...\ Build 
in progress...| 
Build in 
progress.../ Build 
in progress...- 
Build in 
progress...\ Build 
in progress...| 
Build in 
progress.../ Build 
in progress...- 
Build in 
progress...\ Build 
in progress...| 
Build in 
progress.../ Build 
in progress...- 
Build in 
progress...\ Build 
in progress...| 
Build in 
progress.../ Build 
in progress...- 
Build in 
progress...\ Build 
in progress...| 
Build in 
progress.../ Build 
in progress...- 
Build in 
progress...\ Build 
in progress...| 
Build in 
progress.../ Build 
in progress...- 
Build in 
progress...\ Build 
in progress...| 
Build in 
progress.../ Build 
in progress...- 
Build in 
progress...\ Build 
in progress...| 
Build in 
progress.../ Build 
in progress...- 
Build in 
progress...\ Build 
in progress...| 
Build in 
progress.../ Build 
in progress...- 
Build in 
progress...\ Build 
in progress...| 
Build in 
progress.../ Build 
in progress...- 
Build in 
progress...\ Build 
in progress...| 
Build in 
progress.../ Build 
in progress...- 
Build in 
progress...\ Build 
in progress...| 
Build in 
progress.../ Build 
in progress...- 
Build in 
progress...\ Build 
in progress...| 
Build in 
progress.../ Build 
in progress...- 
Build in 
progress...\ Build 
in progress...| 
Build in 
progress.../ Build 
in progress...- 
Build in 
progress...\ Build 
in progress...| 
Build in 
progress.../ Build 
in progress...- 
Build in 
progress...\ Build 
in progress...| 
Build in 
progress.../ Build 
in progress...- 
Build in 
progress...\ Build 
in progress...| 
Build in 
progress.../ Build 
in progress...- 
Build in 
progress...\ Build 
in progress...| 
Build in 
progress.../ Build 
in progress...- 
Build in 
progress...\ Build 
in progress...| 
Build in 
progress.../ Build 
in progress...- 
Build in 
progress...\ Build 
in progress...| 
Build in 
progress.../ Build 
in progress...- 
Build in 
progress...\ Build 
in progress...| 
Build in 
progress.../ Build 
in progress...- 
Build in 
progress...\ Build 
in progress...| 
Build in 
progress.../ Build 
in progress...- 
Build in 
progress...\ Build 
in progress...| 
Build in 
progress.../ Build 
in progress...- 
Build in 
progress...\ Build 
in progress...| 
Build in 
progress.../ Build 
in progress...- 
Build in 
progress...\ Build 
in progress...| 
Build in 
progress.../ Build 
in progress...- 
Build in 
progress...\ Build 
in progress...| 
Build in 
progress.../ Build 
in progress...- 
Build in 
progress...\ Build 
in progress...| 
Build in 
progress.../ Build 
in progress...- 
Build in 
progress...\ Build 
in progress...| 
Build in 
progress.../ Build 
in progress...- 
Build in 
progress...\ Build 
in progress...| 
Build in 
progress.../ Build 
in progress...- 
Build in 
progress...\ Build 
in progress...| 
Build in 
progress.../ Build 
in progress...- 
Build in 
progress...\ Build 
in progress...| 
Build in 
progress.../ Build 
in progress...- 
Build in 
progress...\ Build 
in progress...| 
Build in 
progress.../ Build 
in progress...- 
Build in 
progress...\ Build 
in progress...| 
Build in 
progress.../ Build 
in progress...- 
Build in 
progress...\ Build 
in progress...| 
Build in 
progress.../ Build 
in progress...- 
Build in 
progress...\ Build 
in progress...| 
Build in 
progress.../ Build 
in progress...- 
Build in 
progress...\ Build 
in progress...| 
Build in 
progress.../ Build 
in progress...- 
Build in 
progress...\ Build 
in progress...| 
Build in 
progress.../ Build 
in progress...- 
Build in 
progress...\ Build 
in progress...| 
Build in 
progress.../ Build 
in progress...- 
Build in 
progress...\ Build 
in progress...| 
Build in 
progress.../ Build 
in progress...- 
Build in 
progress...\ Build 
in progress...| 
Build in 
progress.../ Build 
in progress...- 
Build in 
progress...\ Build 
in progress...| 
Build in 
progress.../ Build 
in progress...- 
Build in 
progress...\ Build 
in progress...| 
Build in 
progress.../ Build 
in progress...- 
Build in 
progress...\ Build 
in progress...| 
Build in 
progress.../ Build 
in progress...- 
Build in 
progress...\ Build 
in progress...| 
Build in 
progress.../ Build 
in progress...- 
Build in 
progress...\ Build 
in progress...| 
Build in 
progress.../ Build 
in progress...- 
Build in 
progress...\ Build 
in progress...| 
Build in 
progress.../ Build 
in progress...- 
Build in 
progress...\ Build 
in progress...| 
Build in 
progress.../ Build 
in progress...- 
Build in 
progress...\ Build 
in progress...| 
Build in 
progress.../ Build 
in progress...- 
Build in 
progress...\ Build 
in progress...| 
Build in 
progress.../ Build 
in progress...- 
Build in 
progress...\ Build 
in progress...| 
Build in 
progress.../ Build 
in progress...- 
Build in 
progress...\ Build 
in progress...| 
Build in 
progress.../ Build 
in progress...- 
Build in 
progress...\ Build 
in progress...| 
Build in 
progress.../ Build 
in progress...- 
Build in 
progress...\ Build 
in progress...| 
Build in 
progress.../ Build 
in progress...- 
Build in 
progress...\ Build 
in progress...| 
Build in 
progress.../ Build 
in progress...- 
Build in 
progress...\ Build 
in progress...| 
Build in 
progress.../ Build 
in progress...- 
Build in 
progress...\ Build 
in progress...| 
Build in 
progress.../ Build 
in progress...- 
Build in 
progress...\ Build 
in progress...| 
Build in 
progress.../ Build 
in progress...- 
Build in 
progress...\ Build 
in progress...| 
Build in 
progress.../ Build 
in progress...- 
Build in 
progress...\ Build 
in progress...| 
Build in 
progress.../ Build 
in progress...- 
Build in 
progress...\ Build 
in progress...| 
Build in 
progress.../ Build 
in progress...- 
Build in 
progress...\ Build 
in progress...| 
Build in 
progress.../ Build 
in progress...- 
Build in 
progress...\ Build 
in progress...| 
Build in 
progress.../ Build 
in progress...- 
Build in 
progress...\ Build 
in progress...| 
Build in 
progress.../ Build 
in progress...- 
Build in 
progress...\ Build 
in progress...| 
Build in 
progress.../ Build 
in progress...- 
Build in 
progress...\ Build 
in progress...| 
Build in 
progress.../ Build 
in progress...- 
Build in 
progress...\ Build 
in progress...| 
Build in 
progress.../ Build 
in progress...- 
Build in 
progress...\ Build 
in progress...| 
Build in 
progress.../ Build 
in progress...- 
Build in 
progress...\ Build 
in progress...| 
Build in 
progress.../ Build 
in progress...- 
Build in 
progress...\ Build 
in progress...| 
Build in 
progress.../ Build 
in progress...- 
Build in 
progress...\ Build 
in progress...| 
Build in 
progress.../ Build 
in progress...- 
Build in 
progress...\ Build 
in progress...| 
Build in 
progress.../ Build 
in progress...- 
Build in 
progress...\ Build 
in progress...| 
Build in 
progress.../ Build 
in progress...- 
Build in 
progress...\ Build 
in progress...| 
Build in 
progress.../ Build 
in progress...- 
Build in 
progress...\ Build 
in progress...| 
Build in 
progress.../ Build 
in progress...- 
Build in 
progress...\ Build 
in progress...| 
Build in 
progress.../ Build 
in progress...- 
Build in 
progress...\ Build 
in progress...| 
Build in 
progress.../ Build 
in progress...- 
Build in 
progress...\ Build 
in progress...| 
Build in 
progress.../ Build 
in progress...- 
Build in 
progress...\ Build 
in progress...| 
Build in 
progress.../ Build 
in progress...- 
Build in 
progress...\ Build 
in progress...| 
Build in 
progress.../ Build 
in progress...- 
Build in 
progress...\ Build 
in progress...| 
Build in 
progress.../ Build 
in progress...- 
Build in 
progress...\ Build 
in progress...| 
Build in 
progress.../ Build 
in progress...- 
Build in 
progress...\ Build 
in progress...| 
Build in 
progress.../ Build 
in progress...- 
Build in 
progress...\ Build 
in progress...| 
Build in 
progress.../ Build 
in progress...- 
Build in 
progress...\ Build 
in progress...| 
Build in 
progress.../ Build 
in progress...- 
Build in 
progress...\ Build 
in progress...| 
Build in 
progress.../ Build 
in progress...- 
Build in 
progress...\ Build 
in progress...| 
Build in 
progress.../ Build 
in progress...- 
Build in 
progress...\ Build 
in progress...| 
Build in 
progress.../ Build 
in progress...- 
Build in 
progress...\ Build 
in progress...| 
Build in 
progress.../ Build 
in progress...- 
Build in 
progress...\ Build 
in progress...| 
Build in 
progress.../ Build 
in progress...- 
Build in 
progress...\ Build 
in progress...| 
Build in 
progress.../ Build 
in progress...- 
Build in 
progress...\ Build 
in progress...| 
Build in 
progress.../ Build 
in progress...- 
Build in 
progress...\ Build 
in progress...| 
Build in 
progress.../ Build 
in progress...- 
Build in 
progress...\ Build 
in progress...| 
Build in 
progress.../ Build 
in progress...- 
Build in 
progress...\ Build 
in progress...| 
Build in 
progress.../ Build 
in progress...- 
Build in 
progress...\ Build 
in progress...| 
Build in 
progress.../ Build 
in progress...- 
Build in 
progress...\ Build 
in progress...| 
Build in 
progress.../ Build 
in progress...- 
Build in 
progress...\ Build 
in progress...| 
Build in 
progress.../ Build 
in progress...- 
Build in 
progress...\ Build 
in progress...| 
Build in 
progress.../ Build 
in progress...- 
Build in 
progress...\ Build 
in progress...| 
Build in 
progress.../ Build 
in progress...- 
Build in 
progress...\ Build 
in progress...| 
Build in 
progress.../ Build 
in progress...- 
Build in 
progress...\ Build 
in progress...| 
Build in 
progress.../ Build 
in progress...- 
Build in 
progress...\ Build 
in progress...| 
Build in 
progress.../ Build 
in progress...- 
Build in 
progress...\ Build 
in progress...| 
Build in 
progress.../ Build 
in progress...- 
Build in 
progress...\ Build 
in progress...| 
Build in 
progress.../ Build 
in progress...- 
Build in 
progress...\ Build 
in progress...| 
Build in 
progress.../ Build 
in progress...- 
Build in 
progress...\ Build 
in progress...| 
Build in 
progress.../ Build 
in progress...- 
Build in 
progress...\ Build 
in progress...| 
Build in 
progress.../ Build 
in progress...- 
Build in 
progress...\ Build 
in progress...| 
Build in 
progress.../ Build 
in progress...- 
Build in 
progress...\ Build 
in progress...| 
Build in 
progress.../ Build 
in progress...- 
Build in 
progress...\ Build 
in progress...| 
Build in 
progress.../ Build 
in progress...- 
Build in 
progress...\ Build 
in progress...| 
Build in 
progress.../ Build 
in progress...- 
Build in 
progress...\ Build 
in progress...| 
Build in 
progress.../ Build 
in progress...- 
Build in 
progress...\ Build 
in progress...| 
Build in 
progress.../ Build 
in progress...- 
Build in 
progress...\ Build 
in progress...| 
Build in 
progress.../ Build 
in progress...- 
Build in 
progress...\ Build 
in progress...| 
Build in 
progress.../ Build 
in progress...- 
Build in 
progress...\ Build 
in progress...| 
Build in 
progress.../ Build 
in progress...- 
Build in 
progress...\ Build 
in progress...| 
Build in 
progress.../ Build 
in progress...- 
Build in 
progress...\ Build 
in progress...| 
Build in 
progress.../ Build 
in progress...- 
Build in 
progress...\ Build 
in progress...| 
Build in 
progress.../ Build 
in progress...- 
Build in 
progress...\ Build 
in progress...| 
Build in 
progress.../ Build 
in progress...- 
Build in 
progress...\ Build 
in progress...| 
Build in 
progress.../ Build 
in progress...- 
Build in 
progress...\ Build 
in progress...| 
Build in 
progress.../ Build 
in progress...- 
Build in 
progress...\ Build 
in progress...| 
Build in 
progress.../ Build 
in progress...- 
Build in 
progress...\ Build 
in progress...| 
Build in 
progress.../ Build 
in progress...- 
Build in 
progress...\ Build 
in progress...| 
Build in 
progress.../ Build 
in progress...- 
Build in 
progress...\ Build 
in progress...| 
Build in 
progress.../ Build 
in progress...- 
Build in 
progress...\ Build 
in progress...| 
Build in 
progress.../ Build 
in progress...- 
Build in 
progress...\ Build 
in progress...| 
Build in 
progress.../ Build 
in progress...- 
Build in 
progress...\ Build 
in progress...| 
Build in 
progress.../ Build 
in progress...- 
Build in 
progress...\ Build 
in progress...| 
Build in 
progress.../ Build 
in progress...- 
Build in 
progress...\ Build 
in progress...| 
Build in 
progress.../ Build 
in progress...- 
Build in 
progress...\ Build 
in progress...| 
Build in 
progress.../ Build 
in progress...- 
Build in 
progress...\ Build 
in progress...| 
Build in 
progress.../ Build 
in progress...- 
Build in 
progress...\ Build 
in progress...| 
Build in 
progress.../ Build 
in progress...- 
Build in 
progress...\ Build 
in progress...| 
Build in 
progress.../ Build 
in progress...- 
Build in 
progress...\ Build 
in progress...| 
Build in 
progress.../ Build 
in progress...- 
Build in 
progress...\ Build 
in progress...| 
Build in 
progress.../ Build 
in progress...- 
Build in 
progress...\ Build 
in progress...| 
Build in 
progress.../ Build 
in progress...- 
Build in 
progress...\ Build 
in progress...| 
Build in 
progress.../ Build 
in progress...- 
Build in 
progress...\ Build 
in progress...| 
Build in 
progress.../ Build 
in progress...- 
Build in 
progress...\ Build 
in progress...| 
Build in 
progress.../ Build 
in progress...- 
Build in 
progress...\ Build 
in progress...| 
Build in 
progress.../ Build 
in progress...- 
Build in 
progress...\ Build 
in progress...| 
Build in 
progress.../ Build 
in progress...- 
Build in 
progress...\ Build 
in progress...| 
Build in 
progress.../ Build 
in progress...- 
Build in 
progress...\ Build 
in progress...| 
Build in 
progress.../ Build 
in progress...- 
Build in 
progress...\ Build 
in progress...| 
Build in 
progress.../ Build 
in progress...- 
Build in 
progress...\ Build 
in progress...| 
Build in 
progress.../ Build 
in progress...- 
Build in 
progress...\ Build 
in progress...| 
Build in 
progress.../ Build 
in progress...- 
Build in 
progress...\ Build 
in progress...| 
Build in 
progress.../ Build 
in progress...- 
Build in 
progress...\ Build 
in progress...| 
Build in 
progress.../ Build 
in progress...- 
Build in 
progress...\ Build 
in progress...| 
Build in 
progress.../ Build 
in progress...- 
Build in 
progress...\ Build 
in progress...| 
Build in 
progress.../ Build 
in progress...- 
Build in 
progress...\ Build 
in progress...| 
Build in 
progress.../ Build 
in progress...- 
Build in 
progress...\ Build 
in progress...| 
Build in 
progress.../ Build 
in progress...- 
Build in 
progress...\ Build 
in progress...| 
Build in 
progress.../ Build 
in progress...- 
Build in 
progress...\ Build 
in progress...| 
Build in 
progress.../ Build 
in progress...- 
Build in 
progress...\ Build 
in progress...| 
Build in 
progress.../ Build 
in progress...- 
Build in 
progress...\ Build 
in progress...| 
Build in 
progress.../ Build 
in progress...- 
Build in 
progress...\ Build 
in progress...| 
Build in 
progress.../ Build 
in progress...- 
Build in 
progress...\ Build 
in progress...| 
Build in 
progress.../ Build 
in progress...- 
Build in 
progress...\ Build 
in progress...| 
Build in 
progress.../ Build 
in progress...- 
Build in 
progress...\ Build 
in progress...| 
Build in 
progress.../ Build 
in progress...- 
Build in 
progress...\ Build 
in progress...| 
Build in 
progress.../ Build 
in progress...- 
Build in 
progress...\ Build 
in progress...| 
Build in 
progress.../ Build 
in progress...- 
Build in 
progress...\ Build 
in progress...| 
Build in 
progress.../ Build 
in progress...- 
Build in 
progress...\ Build 
in progress...| 
Build in 
progress.../ Build 
in progress...- 
Build in 
progress...\ Build 
in progress...| 
Build in 
progress.../ Build 
in progress...- 
Build in 
progress...\ Build 
in progress...| 
Build in 
progress.../ Build 
in progress...- 
Build in 
progress...\ Build 
in progress...| 
Build in 
progress.../ Build 
in progress...- 
Build in 
progress...\ Build 
in progress...| 
Build in 
progress.../ Build 
in progress...- 
Build in 
progress...\ Build 
in progress...| 
Build in 
progress.../ Build 
in progress...- 
Build in 
progress...\ Build 
in progress...| 
Build in 
progress.../ Build 
in progress...- 
Build in 
progress...\ Build 
in progress...| 
Build in 
progress.../ Build 
in progress...- 
Build in 
progress...\ Build 
in progress...| 
Build in 
progress.../ Build 
in progress...- 
Build in 
progress...\ Build 
in progress...| 
Build in 
progress.../ Build 
in progress...- 
Build in 
progress...\ Build 
in progress...| 
Build in 
progress.../ Build 
in progress...- 
Build in 
progress...\ Build 
in progress...| 
Build in 
progress.../ Build 
in progress...- 
Build in 
progress...\ Build 
in progress...| 
Build in 
progress.../ Build 
in progress...- 
Build in 
progress...\ Build 
in progress...| 
Build in 
progress.../ Build 
in progress...- 
Build in 
progress...\ Build 
in progress...| 
Build in 
progress.../ Build 
in progress...- 
Build in 
progress...\ Build 
in progress...| 
Build in 
progress.../ Build 
in progress...- 
Build in 
progress...\ Build 
in progress...| 
Build in 
progress.../ Build 
in progress...- 
Build in 
progress...\ Build 
in progress...| 
Build in 
progress.../ Build 
in progress...- 
Build in 
progress...\ Build 
in progress...| 
Build in 
progress.../ Build 
in progress...- 
Build in 
progress...\ Build 
in progress...| 
Build in 
progress.../ Build 
in progress...- 
Build in 
progress...\ Build 
in progress...| 
Build in 
progress.../ Build 
in progress...- 
Build in 
progress...\ Build 
in progress...| 
Build in 
progress.../ Build 
in progress...- 
Build in 
progress...\ Build 
in progress...| 
Build in 
progress.../ Build 
in progress...- 
Build in 
progress...\ Build 
in progress...| 
Build in 
progress.../ Build 
in progress...- 
Build in 
progress...\ Build 
in progress...| 
Build in 
progress.../ Build 
in progress...- 
Build in 
progress...\ Build 
in progress...| 
Build in 
progress.../ Build 
in progress...- 
Build in 
progress...\ Build 
in progress...| 
Build in 
progress.../ Build 
in progress...- 
Build in 
progress...\ Build 
in progress...| 
Build in 
progress.../ Build 
in progress...- 
Build in 
progress...\ Build 
in progress...| 
Build in 
progress.../ Build 
in progress...- 
Build in 
progress...\ Build 
in progress...| 
Build in 
progress.../ Build 
in progress...- 
Build in 
progress...\ Build 
in progress...| 
Build in 
progress.../ Build 
in progress...- 
Build in 
progress...\ Build 
in progress...| 
Build in 
progress.../ Build 
in progress...- 
Build in 
progress...\ Build 
in progress...| 
Build in 
progress.../ Build 
in progress...- 
Build in 
progress...\ Build 
in progress...| 
Build in 
progress.../ Build 
in progress...- 
Build in 
progress...\ Build 
in progress...| 
Build in 
progress.../ Build 
in progress...- 
Build in 
progress...\ Build 
in progress...| 
Build in 
progress.../ Build 
in progress...- 
Build in 
progress...\ Build 
in progress...| 
Build in 
progress.../ Build 
in progress...- 
Build in 
progress...\ Build 
in progress...| 
Build in 
progress.../ Build 
in progress...- 
Build in 
progress...\ Build 
in progress...| 
Build in 
progress.../ Build 
in progress...- 
Build in 
progress...\ Build 
in progress...| 
Build in 
progress.../ Build 
in progress...- 
Build in 
progress...\ Build 
in progress...| 
Build in 
progress.../ Build 
in progress...- 
Build in 
progress...\ Build 
in progress...| 
Build in 
progress.../ Build 
in progress...- 
Build in 
progress...\ Build 
in progress...| 
Build in 
progress.../ Build 
in progress...- 
Build in 
progress...\ Build 
in progress...| 
Build in 
progress.../ Build 
in progress...- 
Build in 
progress...\ Build 
in progress...| 
Build in 
progress.../ Build 
in progress...- 
Build in 
progress...\ Build 
in progress...| 
Build in 
progress.../ Build 
in progress...- 
Build in 
progress...\ Build 
in progress...| 
Build in 
progress.../ Build 
in progress...- 
Build in 
progress...\ Build 
in progress...| 
Build in 
progress.../ Build 
in progress...- 
Build in 
progress...\ Build 
in progress...| 
Build in 
progress.../ Build 
in progress...- 
Build in 
progress...\ Build 
in progress...| 
Build in 
progress.../ Build 
in progress...- 
Build in 
progress...\ Build 
in progress...| 
Build in 
progress.../ Build 
in progress...- 
Build in 
progress...\ Build 
in progress...| 
Build in 
progress.../ Build 
in progress...- 
Build in 
progress...\ Build 
in progress...| 
Build in 
progress.../ Build 
in progress...- 
Build in 
progress...\ Build 
in progress...| 
Build in 
progress.../ Build 
in progress...- 
Build in 
progress...\ Build 
in progress...| 
Build in 
progress.../ Build 
in progress...- 
Build in 
progress...\ Build 
in progress...| 
Build in 
progress.../ Build 
in progress...- 
Build in 
progress...\ Build 
in progress...| 
Build in 
progress.../ Build 
in progress...- 
Build in 
progress...\ Build 
in progress...| 
Build in 
progress.../ Build 
in progress...- 
Build in 
progress...\ Build 
in progress...| 
Build in 
progress.../ Build 
in progress...- 
Build in 
progress...\ Build 
in progress...| 
Build in 
progress.../ Build 
in progress...- 
Build in 
progress...\ Build 
in progress...| 
Build in 
progress.../ Build 
in progress...- 
Build in 
progress...\ Build 
in progress...| 
Build in 
progress.../ Build 
in progress...- 
Build in 
progress...\ Build 
in progress...| 
Build in 
progress.../ Build 
in progress...- 
Build in 
progress...\ Build 
in progress...| 
Build in 
progress.../ Build 
in progress...- 
Build in 
progress...\ Build 
in progress...| 
Build in 
progress.../ Build 
in progress...- 
Build in 
progress...\ Build 
in progress...| 
Build in 
progress.../ Build 
in progress...- 
Build in 
progress...\ Build 
in progress...| 
Build in 
progress.../ Build 
in progress...- 
Build in 
progress...\ Build 
in progress...| 
Build in 
progress.../ Build 
in progress...- 
Build in 
progress...\ Build 
in progress...| 
Build in 
progress.../ Build 
in progress...- 
Build in 
progress...\ Build 
in progress...| 
Build in 
progress.../ Build 
in progress...- 
Build in 
progress...\ Build 
in progress...| 
Build in 
progress.../ Build 
in progress...- 
Build in 
progress...\ Build 
in progress...| 
Build in 
progress.../ Build 
in progress...- 
Build in 
progress...\ Build 
in progress...| 
Build in 
progress.../ Build 
in progress...- 
Build in 
progress...\ Build 
in progress...| 
Build in 
progress.../ Build 
in progress...- 
Build in 
progress...\ Build 
in progress...| 
Build in 
progress.../ Build 
in progress...- 
Build in 
progress...\ Build 
in progress...| 
Build in 
progress.../ Build 
in progress...- 
Build in 
progress...\ Build 
in progress...| 
Build in 
progress.../ Build 
in progress...- 
Build in 
progress...\ Build 
in progress...| 
Build in 
progress.../ Build 
in progress...- 
Build in 
progress...\ Build 
in progress...| 
Build in 
progress.../ Build 
in progress...- 
Build in 
progress...\ Build 
in progress...| 
Build in 
progress.../ Build 
in progress...- 
Build in 
progress...\ Build 
in progress...| 
Build in 
progress.../ Build 
in progress...- 
Build in 
progress...\ Build 
in progress...| 
Build in 
progress.../ Build 
in progress...- 
Build in 
progress...\ Build 
in progress...| 
Build in 
progress.../ Build 
in progress...- 
Build in 
progress...\ Build 
in progress...| 
Build in 
progress.../ Build 
in progress...- 
Build in 
progress...\ Build 
in progress...| 
Build in 
progress.../ Build 
in progress...- 
Build in 
progress...\ Build 
in progress...| 
Build in 
progress.../ Build 
in progress...- 
Build in 
progress...\ Build 
in progress...| 
Build in 
progress.../ Build 
in progress...- 
Build in 
progress...\ Build 
in progress...| 
Build in 
progress.../ Build 
in progress...- 
Build in 
progress...\ Build 
in progress...| 
Build in 
progress.../ Build 
in progress...- 
Build in 
progress...\ Build 
in progress...| 
Build in 
progress.../ Build 
in progress...- 
Build in 
progress...\ Build 
in progress...| 
Build in 
progress.../ Build 
in progress...- 
Build in 
progress...\ Build 
in progress...| 
Build in 
progress.../ Build 
in progress...- 
Build in 
progress...\ Build 
in progress...| 
Build in 
progress.../ Build 
in progress...- 
Build in 
progress...\ Build 
in progress...| 
Build in 
progress.../ Build 
in progress...- 
Build in 
progress...\ Build 
in progress...| 
Build in 
progress.../ Build 
in progress...- 
Build in 
progress...\ Build 
in progress...| 
Build in 
progress.../ Build 
in progress...- 
Build in 
progress...\ Build 
in progress...| 
Build in 
progress.../ Build 
in progress...- 
Build in 
progress...\ Build 
in progress...| 
Build in 
progress.../ Build 
in progress...- 
Build in 
progress...\ Build 
in progress...| 
Build in 
progress.../ Build 
in progress...- 
Build in 
progress...\ Build 
in progress...| 
Build in 
progress.../ Build 
in progress...- 
Build in 
progress...\ Build 
in progress...| 
Build in 
progress.../ Build 
in progress...- 
Build in 
progress...\ Build 
in progress...| 
Build in 
progress.../ Build 
in progress...- 
Build in 
progress...\ Build 
in progress...| 
Build in 
progress.../ Build 
in progress...- 
Build in 
progress...\ Build 
in progress...| 
Build in 
progress.../ Build 
in progress...- 
Build in 
progress...\ Build 
in progress...| 
Build in 
progress.../ Build 
in progress...- 
Build in 
progress...\ Build 
in progress...| 
Build in 
progress.../ Build 
in progress...- 
Build in 
progress...\ Build 
in progress...| 
Build in 
progress.../ Build 
in progress...- 
Build in 
progress...\ Build 
in progress...| 
Build in 
progress.../ Build 
in progress...- 
Build in 
progress...\ Build 
in progress...| 
Build in 
progress.../ Build 
in progress...- 
Build in 
progress...\ Build 
in progress...| 
Build in 
progress.../ Build 
in progress...- 
Build in 
progress...\ Build 
in progress...| 
Build in 
progress.../ Build 
in progress...- 
Build in 
progress...\ Build 
in progress...| 
Build in 
progress.../ Build 
in progress...- 
Build in 
progress...\ Build 
in progress...| 
Build in 
progress.../ Build 
in progress...- 
Build in 
progress...\ Build 
in progress...| 
Build in 
progress.../ Build 
in progress...- 
Build in 
progress...\ Build 
in progress...| 
Build in 
progress.../ Build 
in progress...- 
Build in 
progress...\ Build 
in progress...| 
Build in 
progress.../ Build 
in progress...- 
Build in 
progress...\ Build 
in progress...| 
Build in 
progress.../ Build 
in progress...- 
Build in 
progress...\ Build 
in progress...| 
Build in 
progress.../ Build 
in progress...- 
Build in 
progress...\ Build 
in progress...| 
Build in 
progress.../ Build 
in progress...- 
Build in 
progress...\ Build 
in progress...| 
Build in 
progress.../ Build 
in progress...- 
Build in 
progress...\ Build 
in progress...| 
Build in 
progress.../ Build 
in progress...- 
Build in 
progress...\ Build 
in progress...| 
Build in 
progress.../ Build 
in progress...- 
Build in 
progress...\ Build 
in progress...| 
Build in 
progress.../ Build 
in progress...- 
Build in 
progress...\ Build 
in progress...| 
Build in 
progress.../ Build 
in progress...- 
Build in 
progress...\ Build 
in progress...| 
Build in 
progress.../ Build 
in progress...- 
Build in 
progress...\ Build 
in progress...| 
Build in 
progress.../ Build 
in progress...- 
Build in 
progress...\ Build 
in progress...| 
Build in 
progress.../ Build 
in progress...- 
Build in 
progress...\ Build 
in progress...| 
Build in 
progress.../ Build 
in progress...- 
Build in 
progress...\ Build 
in progress...| 
Build in 
progress.../ Build 
in progress...- 
Build in 
progress...\ Build 
in progress...| 
Build in 
progress.../ Build 
in progress...- 
Build in 
progress...\ Build 
in progress...| 
Build in 
progress.../ Build 
in progress...- 
Build in 
progress...\ Build 
in progress...| 
Build in 
progress.../ Build 
in progress...- 
Build in 
progress...\ Build 
in progress...| 
Build in 
progress.../ Build 
in progress...- 
Build in 
progress...\ Build 
in progress...| 
Build in 
progress.../ Build 
in progress...- 
Build in 
progress...\ Build 
in progress...| 
Build in 
progress.../ Build 
in progress...- 
Build in 
progress...\ Build 
in progress...| 
Build in 
progress.../ Build 
in progress...- 
Build in 
progress...\ Build 
in progress...| 
Build in 
progress.../ Build 
in progress...- 
Build in 
progress...\ Build 
in progress...| 
Build in 
progress.../ Build 
in progress...- 
Build in 
progress...\ Build 
in progress...| 
Build in 
progress.../ Build 
in progress...- 
Build in 
progress...\ Build 
in progress...| 
Build in 
progress.../ Build 
in progress...- 
Build in 
progress...\ Build 
in progress...| 
Build in 
progress.../ Build 
in progress...- 
Build in 
progress...\ Build 
in progress...| 
Build in 
progress.../ Build 
in progress...- 
Build in 
progress...\ Build 
in progress...| 
Build in 
progress.../ Build 
in progress...- 
Build in 
progress...\ Build 
in progress...| 
Build in 
progress.../ Build 
in progress...- 
Build in 
progress...\ Build 
in progress...| 
Build in 
progress.../ Build 
in progress...- 
Build in 
progress...\ Build 
in progress...| 
Build in 
progress.../ Build 
in progress...- 
Build in 
progress...\ Build 
in progress...| 
Build in 
progress.../ Build 
in progress...- 
Build in 
progress...\ Build 
in progress...| 
Build in 
progress.../ Build 
in progress...- 
Build in 
progress...\ Build 
in progress...| 
Build in 
progress.../ Build 
in progress...- 
Build in 
progress...\ Build 
in progress...| 
Build in 
progress.../ Build 
in progress...- 
Build in 
progress...\ Build 
in progress...| 
Build in 
progress.../ Build 
in progress...- 
Build in 
progress...\ Build 
in progress...| 
Build in 
progress.../ Build 
in progress...- 
Build in 
progress...\ Build 
in progress...| 
Build in 
progress.../ Build 
in progress...- 
Build in 
progress...\ Build 
in progress...| 
Build in 
progress.../ Build 
in progress...- 
Build in 
progress...\ Build 
in progress...| 
Build in 
progress.../ Build 
in progress...- 
Build in 
progress...\ Build 
in progress...| 
Build in 
progress.../ Build 
in progress...- 
Build in 
progress...\ Build 
in progress...| 
Build in 
progress.../ Build 
in progress...- 
Build in 
progress...\ Build 
in progress...| 
Build in 
progress.../ Build 
in progress...- 
Build in 
progress...\ Build 
in progress...| 
Build in 
progress.../ Build 
in progress...- 
Build in 
progress...\ Build 
in progress...| 
Build in 
progress.../ Build 
in progress...- 
Build in 
progress...\ Build 
in progress...| 
Build in 
progress.../ Build 
in progress...- 
Build in 
progress...\ Build 
in progress...| 
Build in 
progress.../ Build 
in progress...- 
Build in 
progress...\ Build 
in progress...| 
Build in 
progress.../ Build 
in progress...- 
Build in 
progress...\ Build 
in progress...| 
Build in 
progress.../ Build 
in progress...- 
Build in 
progress...\ Build 
in progress...| 
Build in 
progress.../ Build 
in progress...- 
Build in 
progress...\ Build 
in progress...| 
Build in 
progress.../ Build 
in progress...- 
Build in 
progress...\ Build 
in progress...| 
Build in 
progress.../ Build 
in progress...- 
Build in 
progress...\ Build 
in progress...| 
Build in 
progress.../ Build 
in progress...- 
Build in 
progress...\ Build 
in progress...| 
Build in 
progress.../ Build 
in progress...- 
Build in 
progress...\ Build 
in progress...| 
Build in 
progress.../ Build 
in progress...- 
Build in 
progress...\ Build 
in progress...| 
Build in 
progress.../ Build 
in progress...- 
Build in 
progress...\ Build 
in progress...| 
Build in 
progress.../ Build 
in progress...- 
Build in 
progress...\ Build 
in progress...| 
Build in 
progress.../ Build 
in progress...- 
Build in 
progress...\ Build 
in progress...| 
Build in 
progress.../ Build 
in progress...- 
Build in 
progress...\ Build 
in progress...| 
Build in 
progress.../ Build 
in progress...- 
Build in 
progress...\ Build 
in progress...| 
Build in 
progress.../ Build 
in progress...- 
Build in 
progress...\ Build 
in progress...| 
Build in 
progress.../ Build 
in progress...- 
Build in 
progress...\ Build 
in progress...| 
Build in 
progress.../ Build 
in progress...- 
Build in 
progress...\ Build 
in progress...| 
Build in 
progress.../ Build 
in progress...- 
Build in 
progress...\ Build 
in progress...| 
Build in 
progress.../ Build 
in progress...- 
Build in 
progress...\ Build 
in progress...| 
Build in 
progress.../ Build 
in progress...- 
Build in 
progress...\ Build 
in progress...| 
Build in 
progress.../ Build 
in progress...- 
Build in 
progress...\ Build 
in progress...| 
Build in 
progress.../ Build 
in progress...- 
Build in 
progress...\ Build 
in progress...| 
Build in 
progress.../ Build 
in progress...- 
Build in 
progress...\ Build 
in progress...| 
Build in 
progress.../ Build 
in progress...- 
Build in 
progress...\ Build 
in progress...| 
Build in 
progress.../ Build 
in progress...- 
Build in 
progress...\ Build 
in progress...| 
Build in 
progress.../ Build 
in progress...- 
Build in 
progress...\ Build 
in progress...| 
Build in 
progress.../ Build 
in progress...- 
Build in 
progress...\ Build 
in progress...| 
Build in 
progress.../ Build 
in progress...- 
Build in 
progress...\ Build 
in progress...| 
Build in 
progress.../ Build 
in progress...- 
Build in 
progress...\ Build 
in progress...| 
Build in 
progress.../ Build 
in progress...- 
Build in 
progress...\ Build 
in progress...| 
Build in 
progress.../ Build 
in progress...- 
Build in 
progress...\ Build 
in progress...| 
Build in 
progress.../ Build 
in progress...- 
Build in 
progress...\ Build 
in progress...| 
Build in 
progress.../ Build 
in progress...- 
Build in 
progress...\ Build 
in progress...| 
Build in 
progress.../ Build 
in progress...- 
Build in 
progress...\ Build 
in progress...| 
Build in 
progress.../ Build 
in progress...- 
Build in 
progress...\ Build 
in progress...| 
Build in 
progress.../ Build 
in progress...- 
Build in 
progress...\ Build 
in progress...| 
Build in 
progress.../ Build 
in progress...- 
Build in 
progress...\ Build 
in progress...| 
Build in 
progress.../ Build 
in progress...- 
Build in 
progress...\ Build 
in progress...| 
Build in 
progress.../ Build 
in progress...- 
Build in 
progress...\ Build 
in progress...| 
Build in 
progress.../ Build 
in progress...- 
Build in 
progress...\ Build 
in progress...| 
Build in 
progress.../ Build 
in progress...- 
Build in 
progress...\ Build 
in progress...| 
Build in 
progress.../ Build 
in progress...- 
Build in 
progress...\ Build 
in progress...| 
Build in 
progress.../ Build 
in progress...- 
Build in 
progress...\ Build 
in progress...| 
Build in 
progress.../ Build 
in progress...- 
Build in 
progress...\ Build 
in progress...| 
Build in 
progress.../ Build 
in progress...- 
Build in 
progress...\ Build 
in progress...| 
Build in 
progress.../ Build 
in progress...- 
Build in 
progress...\ Build 
in progress...| 
Build in 
progress.../ Build 
in progress...- 
Build in 
progress...\ Build 
in progress...| 
Build in 
progress.../ Build 
in progress...- 
Build in 
progress...\ Build 
in progress...| 
Build in 
progress.../ Build 
in progress...- 
Build in 
progress...\ Build 
in progress...| 
Build in 
progress.../ Build 
in progress...- 
Build in 
progress...\ Build 
in progress...| 
Build in 
progress.../ Build 
in progress...- 
Build in 
progress...\ Build 
in progress...| 
Build in 
progress.../ Build 
in progress...- 
Build in 
progress...\ Build 
in progress...| 
Build in 
progress.../ Build 
in progress...- 
Build in 
progress...\ Build 
in progress...| 
Build in 
progress.../ Build 
in progress...- 
Build in 
progress...\ Build 
in progress...| 
Build in 
progress.../ Build 
in progress...- 
Build in 
progress...\ Build 
in progress...| 
Build in 
progress.../ Build 
in progress...- 
Build in 
progress...\ Build 
in progress...| 
Build in 
progress.../ Build 
in progress...- 
Build in 
progress...\ Build 
in progress...| 
Build in 
progress.../ Build 
in progress...- 
Build in 
progress...\ Build 
in progress...| 
Build in 
progress.../ Build 
in progress...- 
Build in 
progress...\ Build 
in progress...| 
Build in 
progress.../ Build 
in progress...- 
Build in 
progress...\ Build 
in progress...| 
Build in 
progress.../ Build 
in progress...- 
Build in 
progress...\ Build 
in progress...| 
Build in 
progress.../ Build 
in progress...- 
Build in 
progress...\ Build 
in progress...| 
Build in 
progress.../ Build 
in progress...- 
Build in 
progress...\ Build 
in progress...| 
Build in 
progress.../ Build 
in progress...- 
Build in 
progress...\ Build 
in progress...| 
Build in 
progress.../ Build 
in progress...- 
Build in 
progress...\ Build 
in progress...| 
Build in 
progress.../ Build 
in progress...- 
Build in 
progress...\ Build 
in progress...| 
Build in 
progress.../ Build 
in progress...- 
Build in 
progress...\ Build 
in progress...| 
Build in 
progress.../ Build 
in progress...- 
Build in 
progress...\ Build 
in progress...| 
Build in 
progress.../ Build 
in progress...- 
Build in 
progress...\ Build 
in progress...| 
Build in 
progress.../ Build 
in progress...- 
Build in 
progress...\ Build 
in progress...| 
Build in 
progress.../ Build 
in progress...- 
Build in 
progress...\ Build 
in progress...| 
Build in 
progress.../ Build 
in progress...- 
Build in 
progress...\ Build 
in progress...| 
Build in 
progress.../ Build 
in progress...- 
Build in 
progress...\ Build 
in progress...| 
Build in 
progress.../ Build 
in progress...- 
Build in 
progress...\ Build 
in progress...| 
Build in 
progress.../ Build 
in progress...- 
Build in 
progress...\ Build 
in progress...| 
Build in 
progress.../ Build 
in progress...- 
Build in 
progress...\ Build 
in progress...| 
Build in 
progress.../ Build 
in progress...- 
Build in 
progress...\ Build 
in progress...| 
Build in 
progress.../ Build 
in progress...- 
Build in 
progress...\ Build 
in progress...| 
Build in 
progress.../ Build 
in progress...- 
Build in 
progress...\ Build 
in progress...| 
Build in 
progress.../ Build 
in progress...- 
Build in 
progress...\ Build 
in progress...| 
Build in 
progress.../ Build 
in progress...- 
Build in 
progress...\ Build 
in progress...| 
Build in 
progress.../ Build 
in progress...- 
Build in 
progress...\ Build 
in progress...| 
Build in 
progress.../ Build 
in progress...- 
Build in 
progress...\ Build 
in progress...| 
Build in 
progress.../ Build 
in progress...- 
Build in 
progress...\ Build 
in progress...| 
Build in 
progress.../ Build 
in progress...- 
Build in 
progress...\ Build 
in progress...| 
Build in 
progress.../ Build 
in progress...- 
Build in 
progress...\ Build 
in progress...| 
Build in 
progress.../ Build 
in progress...- 
Build in 
progress...\ Build 
in progress...| 
Build in 
progress.../ Build 
in progress...- 
Build in 
progress...\ Build 
in progress...| 
Build in 
progress.../ Build 
in progress...- 
Build in 
progress...\ Build 
in progress...| 
Build in 
progress.../ Build 
in progress...- 
Build in 
progress...\ Build 
in progress...| 
Build in 
progress.../ Build 
in progress...- 
Build in 
progress...\ Build 
in progress...| 
Build in 
progress.../ Build 
in progress...- 
Build in 
progress...\ Build 
in progress...| 
Build in 
progress.../ Build 
in progress...- 
Build in 
progress...\ Build 
in progress...| 
Build in 
progress.../ Build 
in progress...- 
Build in 
progress...\ Build 
in progress...| 
Build in 
progress.../ Build 
in progress...- 
Build in 
progress...\ Build 
in progress...| 
Build in 
progress.../ Build 
in progress...- 
Build in 
progress...\ Build 
in progress...| 
Build in 
progress.../ Build 
in progress...- 
Build in 
progress...\ Build 
in progress...| 
Build in 
progress.../ Build 
in progress...- 
Build in 
progress...\ Build 
in progress...| 
Build in 
progress.../ Build 
in progress...- 
Build in 
progress...\ Build 
in progress...| 
Build in 
progress.../ Build 
in progress...- 
Build in 
progress...\ Build 
in progress...| 
Build in 
progress.../ Build 
in progress...- 
Build in 
progress...\ Build 
in progress...| 
Build in 
progress.../ Build 
in progress...- 
Build in 
progress...\ Build 
in progress...| 
Build in 
progress.../ Build 
in progress...- 
Build in 
progress...\ Build 
in progress...| 
Build in 
progress.../ Build 
in progress...- 
Build in 
progress...\ Build 
in progress...| 
Build in 
progress.../ Build 
in progress...- 
Build in 
progress...\ Build 
in progress...| 
Build in 
progress.../ Build 
in progress...- 
Build in 
progress...\ Build 
in progress...| 
Build in 
progress.../ Build 
in progress...- 
Build in 
progress...\ Build 
in progress...| 
Build in 
progress.../ Build 
in progress...- 
Build in 
progress...\ Build 
in progress...| 
Build in 
progress.../ Build 
in progress...- 
Build in 
progress...\ Build 
in progress...| 
Build in 
progress.../ Build 
in progress...- 
Build in 
progress...\ Build 
in progress...| 
Build in 
progress.../ Build 
in progress...- 
Build in 
progress...\ Build 
in progress...| 
Build in 
progress.../ Build 
in progress...- 
Build in 
progress...\ Build 
in progress...| 
Build in 
progress.../ Build 
in progress...- 
Build in 
progress...\ Build 
in progress...| 
Build in 
progress.../ Build 
in progress...- 
Build in 
progress...\ Build 
in progress...| 
Build in 
progress.../ Build 
in progress...- 
Build in 
progress...\ Build 
in progress...| 
Build in 
progress.../ Build 
in progress...- 
Build in 
progress...\ Build 
in progress...| 
Build in 
progress.../ Build 
in progress...- 
Build in 
progress...\ Build 
in progress...| 
Build in 
progress.../ Build 
in progress...- 
Build in 
progress...\ Build 
in progress...| 
Build in 
progress.../ Build 
in progress...- 
Build in 
progress...\ Build 
in progress...| 
Build in 
progress.../ Build 
in progress...- 
Build in 
progress...\ Build 
in progress...| 
Build in 
progress.../ Build 
in progress...- 
Build in 
progress...\ Build 
in progress...| 
Build in 
progress.../ Build 
in progress...- 
Build in 
progress...\ Build 
in progress...| 
Build in 
progress.../ Build 
in progress...- 
Build in 
progress...\ Build 
in progress...| 
Build in 
progress.../ Build 
in progress...- 
Build in 
progress...\ Build 
in progress...| 
Build in 
progress.../ Build 
in progress...- 
Build in 
progress...\ Build 
in progress...| 
Build in 
progress.../ Build 
in progress...- 
Build in 
progress...\ Build 
in progress...| 
Build in 
progress.../ Build 
in progress...- 
Build in 
progress...\ Build 
in progress...| 
Build in 
progress.../ Build 
in progress...- 
Build in 
progress...\ Build 
in progress...| 
Build in 
progress.../ Build 
in progress...- 
Build in 
progress...\ Build 
in progress...| 
Build in 
progress.../ Build 
in progress...- 
Build in 
progress...\ Build 
in progress...| 
Build in 
progress.../ Build 
in progress...- 
Build in 
progress...\ Build 
in progress...| 
Build in 
progress.../ Build 
in progress...- 
Build in 
progress...\ Build 
in progress...| 
Build in 
progress.../ Build 
in progress...- 
Build in 
progress...\ Build 
in progress...| 
Build in 
progress.../ Build 
in progress...- 
Build in 
progress...\ Build 
in progress...| 
Build in 
progress.../ Build 
in progress...- 
Build in 
progress...\ Build 
in progress...| 
Build in 
progress.../ Build 
in progress...- 
Build in 
progress...\ Build 
in progress...| 
Build in 
progress.../ Build 
in progress...- 
Build in 
progress...\ Build 
in progress...| 
Build in 
progress.../ Build 
in progress...- 
Build in 
progress...\ Build 
in progress...| 
Build in 
progress.../ Build 
in progress...- 
Build in 
progress...\ Build 
in progress...| 
Build in 
progress.../ Build 
in progress...- 
Build in 
progress...\ Build 
in progress...| 
Build in 
progress.../ Build 
in progress...- 
Build in 
progress...\ Build 
in progress...| 
Build in 
progress.../ Build 
in progress...- 
Build in 
progress...\ Build 
in progress...| 
Build in 
progress.../ Build 
in progress...- 
Build in 
progress...\ Build 
in progress...| 
Build in 
progress.../ Build 
in progress...- 
Build in 
progress...\ Build 
in progress...| 
Build in 
progress.../ Build 
in progress...- 
Build in 
progress...\ Build 
in progress...| 
Build in 
progress.../ Build 
in progress...- 
Build in 
progress...\ Build 
in progress...| 
Build in 
progress.../ Build 
in progress...- 
Build in 
progress...\ Build 
in progress...| 
Build in 
progress.../ Build 
in progress...- 
Build in 
progress...\ Build 
in progress...| 
Build in 
progress.../ Build 
in progress...- 
Build in 
progress...\ Build 
in progress...| 
Build in 
progress.../ Build 
in progress...- 
Build in 
progress...\ Build 
in progress...| 
Build in 
progress.../ Build 
in progress...- 
Build in 
progress...\ Build 
in progress...| 
Build in 
progress.../ Build 
in progress...- 
Build in 
progress...\ Build 
in progress...| 
Build in 
progress.../ Build 
in progress...- 
Build in 
progress...\ Build 
in progress...| 
Build in 
progress.../ Build 
in progress...- 
Build in 
progress...\ Build 
in progress...| 
Build in 
progress.../ Build 
in progress...- 
Build in 
progress...\ Build 
in progress...| 
Build in 
progress.../ Build 
in progress...- 
Build in 
progress...\ Build 
in progress...| 
Build in 
progress.../ Build 
in progress...- 
Build in 
progress...\ Build 
in progress...| 
Build in 
progress.../ Build 
in progress...- 
Build in 
progress...\ Build 
in progress...| 
Build in 
progress.../ Build 
in progress...- 
Build in 
progress...\ Build 
in progress...| 
Build in 
progress.../ Build 
in progress...- 
Build in 
progress...\ Build 
in progress...| 
Build in 
progress.../ Build 
in progress...- 
Build in 
progress...\ Build 
in progress...| 
Build in 
progress.../ Build 
in progress...- 
Build in 
progress...\ Build 
in progress...| 
Build in 
progress.../ Build 
in progress...- 
Build in 
progress...\ Build 
in progress...| 
Build in 
progress.../ Build 
in progress...- 
Build in 
progress...\ Build 
in progress...| 
Build in 
progress.../ Build 
in progress...- 
Build in 
progress...\ Build 
in progress...| 
Build in 
progress.../ Build 
in progress...- 
Build in 
progress...\ Build 
in progress...| 
Build in 
progress.../ Build 
in progress...- 
Build in 
progress...\ Build 
in progress...| 
Build in 
progress.../ Build 
in progress...- 
Build in 
progress...\ Build 
in progress...| 
Build in 
progress.../ Build 
in progress...- 
Build in 
progress...\ Build 
in progress...| 
Build in 
progress.../ Build 
in progress...- 
Build in 
progress...\ Build 
in progress...| 
Build in 
progress.../ Build 
in progress...- 
Build in 
progress...\ Build 
in progress...| 
Build in 
progress.../ Build 
in progress...- 
Build in 
progress...\ Build 
in progress...| 
Build in 
progress.../ Build 
in progress...- 
Build in 
progress...\ Build 
in progress...| 
Build in 
progress.../ Build 
in progress...- 
Build in 
progress...\ Build 
in progress...| 
Build in 
progress.../ Build 
in progress...- 
Build in 
progress...\ Build 
in progress...| 
Build in 
progress.../ Build 
in progress...- 
Build in 
progress...\ Build 
in progress...| 
Build in 
progress.../ Build 
in progress...- 
Build in 
progress...\ Build 
in progress...| 
Build in 
progress.../ Build 
in progress...- 
Build in 
progress...\ Build 
in progress...| 
Build in 
progress.../ Build 
in progress...- 
Build in 
progress...\ Build 
in progress...| 
Build in 
progress.../ Build 
in progress...- 
Build in 
progress...\ Build 
in progress...| 
Build in 
progress.../ Build 
in progress...- 
Build in 
progress...\ Build 
in progress...| 
Build in 
progress.../ Build 
in progress...- 
Build in 
progress...\ Build 
in progress...| 
Build in 
progress.../ Build 
in progress...- 
Build in 
progress...\ Build 
in progress...| 
Build in 
progress.../ Build 
in progress...- 
Build in 
progress...\ Build 
in progress...| 
Build in 
progress.../ Build 
in progress...- 
Build in 
progress...\ Build 
in progress...| 
Build in 
progress.../ Build 
in progress...- 
Build in 
progress...\ Build 
in progress...| 
Build in 
progress.../ Build 
in progress...- 
Build in 
progress...\ Build 
in progress...| 
Build in 
progress.../ Build 
in progress...- 
Build in 
progress...\ Build 
in progress...| 
Build in 
progress.../ Build 
in progress...- 
Build in 
progress...\ Build 
in progress...| 
Build in 
progress.../ Build 
in progress...- 
Build in 
progress...\ Build 
in progress...| 
Build in 
progress.../ Build 
in progress...- 
Build in 
progress...\ Build 
in progress...| 
Build in 
progress.../ Build 
in progress...- 
Build in 
progress...\ Build 
in progress...| 
Build in 
progress.../ Build 
in progress...- 
Build in 
progress...\ Build 
in progress...| 
Build in 
progress.../ Build 
in progress...- 
Build in 
progress...\ Build 
in progress...| 
Build in 
progress.../ Build 
in progress...- 
Build in 
progress...\ Build 
in progress...| 
Build in 
progress.../ Build 
in progress...- 
Build in 
progress...\ Build 
in progress...| 
Build in 
progress.../ Build 
in progress...- 
Build in 
progress...\ Build 
in progress...| 
Build in 
progress.../ Build 
in progress...- 
Build in 
progress...\ Build 
in progress...| 
Build in 
progress.../ Build 
in progress...- 
Build in 
progress...\ Build 
in progress...| 
Build in 
progress.../ Build 
in progress...- 
Build in 
progress...\ Build 
in progress...| 
Build in 
progress.../ Build 
in progress...- 
Build in 
progress...\ Build 
in progress...| 
Build in 
progress.../ Build 
in progress...- 
Build in 
progress...\ Build 
in progress...| 
Build in 
progress.../ Build 
in progress...- 
Build in 
progress...\ Build 
in progress...| 
Build in 
progress.../ Build 
in progress...- 
Build in 
progress...\ Build 
in progress...| 
Build in 
progress.../ Build 
in progress...- 
Build in 
progress...\ Build 
in progress...| 
Build in 
progress.../ Build 
in progress...- 
Build in 
progress...\ Build 
in progress...| 
Build in 
progress.../ Build 
in progress...- 
Build in 
progress...\ Build 
in progress...| 
Build in 
progress.../ Build 
in progress...- 
Build in 
progress...\ Build 
in progress...| 
Build in 
progress.../ Build 
in progress...- 
Build in 
progress...\ Build 
in progress...| 
Build in 
progress.../ Build 
in progress...- 
Build in 
progress...\ Build 
in progress...| 
Build in 
progress.../ Build 
in progress...- 
Build in 
progress...\ Build 
in progress...| 
Build in 
progress.../ Build 
in progress...- 
Build in 
progress...\ Build 
in progress...| 
Build in 
progress.../ Build 
in progress...- 
Build in 
progress...\ Build 
in progress...| 
Build in 
progress.../ Build 
in progress...- 
Build in 
progress...\ Build 
in progress...| 
Build in 
progress.../ Build 
in progress...- 
Build in 
progress...\ Build 
in progress...| 
Build in 
progress.../ Build 
in progress...- 
Build in 
progress...\ Build 
in progress...| 
Build in 
progress.../ Build 
in progress...- 
Build in 
progress...\ Build 
in progress...| 
Build in 
progress.../ Build 
in progress...- 
Build in 
progress...\ Build 
in progress...| 
Build in 
progress.../ Build 
in progress...- 
Build in 
progress...\ Build 
in progress...| 
Build in 
progress.../ Build 
in progress...- 
Build in 
progress...\ Build 
in progress...| 
Build in 
progress.../ Build 
in progress...- 
Build in 
progress...\ Build 
in progress...| 
Build in 
progress.../ Build 
in progress...- 
Build in 
progress...\ Build 
in progress...| 
Build in 
progress.../ Build 
in progress...- 
Build in 
progress...\ Build 
in progress...| 
Build in 
progress.../ Build 
in progress...- 
Build in 
progress...\ Build 
in progress...| 
Build in 
progress.../ Build 
in progress...- 
Build in 
progress...\ Build 
in progress...| 
Build in 
progress.../ Build 
in progress...- 
Build in 
progress...\ Build 
in progress...| 
Build in 
progress.../ Build 
in progress...- 
Build in 
progress...\ Build 
in progress...| 
Build in 
progress.../ Build 
in progress...- 
Build in 
progress...\ Build 
in progress...| 
Build in 
progress.../ Build 
in progress...- 
Build in 
progress...\ Build 
in progress...| 
Build in 
progress.../ Build 
in progress...- 
Build in 
progress...\ Build 
in progress...| 
Build in 
progress.../ Build 
in progress...- 
Build in 
progress...\ Build 
in progress...| 
Build in 
progress.../ Build 
in progress...- 
Build in 
progress...\ Build 
in progress...| 
Build in 
progress.../ Build 
in progress...- 
Build in 
progress...\ Build 
in progress...| 
Build in 
progress.../ Build 
in progress...- 
Build in 
progress...\ Build 
in progress...| 
Build in 
progress.../ Build 
in progress...- 
Build in 
progress...\ Build 
in progress...| 
Build in 
progress.../ Build 
in progress...- 
Build in 
progress...\ Build 
in progress...| 
Build in 
progress.../ Build 
in progress...- 
Build in 
progress...\ Build 
in progress...| 
Build in 
progress.../ Build 
in progress...- 
Build in 
progress...\ Build 
in progress...| 
Build in 
progress.../ Build 
in progress...- 
Build in 
progress...\ Build 
in progress...| 
Build in 
progress.../ Build 
in progress...- 
Build in 
progress...\ Build 
in progress...| 
Build in 
progress.../ Build 
in progress...- 
Build in 
progress...\ Build 
in progress...| 
Build in 
progress.../ Build 
in progress...- 
Build in 
progress...\ Build 
in progress...| 
Build in 
progress.../ Build 
in progress...- 
Build in 
progress...\ Build 
in progress...| 
Build in 
progress.../ Build 
in progress...- 
Build in 
progress...\ Build 
in progress...| 
Build in 
progress.../ Build 
in progress...- 
Build in 
progress...\ Build 
in progress...| 
Build in 
progress.../ Build 
in progress...- 
Build in 
progress...\ Build 
in progress...| 
Build in 
progress.../ Build 
in progress...- 
Build in 
progress...\ Build 
in progress...| 
Build in 
progress.../ Build 
in progress...- 
Build in 
progress...\ Build 
in progress...| 
Build in 
progress.../ Build 
in progress...- 
Build in 
progress...\ Build 
in progress...| 
Build in 
progress.../ Build 
in progress...- 
Build in 
progress...\ Build 
in progress...| 
Build in 
progress.../ Build 
in progress...- 
Build in 
progress...\ Build 
in progress...| 
Build in 
progress.../ Build 
in progress...- 
Build in 
progress...\ Build 
in progress...| 
Build in 
progress.../ Build 
in progress...- 
Build in 
progress...\ Build 
in progress...| 
Build in 
progress.../ Build 
in progress...- 
Build in 
progress...\ Build 
in progress...| 
Build in 
progress.../ Build 
in progress...- 
Build in 
progress...\ Build 
in progress...| 
Build in 
progress.../ Build 
in progress...- 
Build in 
progress...\ Build 
in progress...| 
Build in 
progress.../ Build 
in progress...- 
Build in 
progress...\ Build 
in progress...| 
Build in 
progress.../ Build 
in progress...- 
Build in 
progress...\ Build 
in progress...| 
Build in 
progress.../ Build 
in progress...- 
Build in 
progress...\ Build 
in progress...| 
Build in 
progress.../ Build 
in progress...- 
Build in 
progress...\ Build 
in progress...| 
Build in 
progress.../ Build 
in progress...- 
Build in 
progress...\ Build 
in progress...| 
Build in 
progress.../ Build 
in progress...- 
Build in 
progress...\ Build 
in progress...| 
Build in 
progress.../ Build 
in progress...- 
Build in 
progress...\ Build 
in progress...| 
Build in 
progress.../ Build 
in progress...- 
Build in 
progress...\ Build 
in progress...| 
Build in 
progress.../ Build 
in progress...- 
Build in 
progress...\ Build 
in progress...| 
Build in 
progress.../ Build 
in progress...- 
Build in 
progress...\ Build 
in progress...| 
Build in 
progress.../ Build 
in progress...- 
Build in 
progress...\ Build 
in progress...| 
Build in 
progress.../ Build 
in progress...- 
Build in 
progress...\ Build 
in progress...| 
Build in 
progress.../ Build 
in progress...- 
Build in 
progress...\ Build 
in progress...| 
Build in 
progress.../ Build 
in progress...- 
Build in 
progress...\ Build 
in progress...| 
Build in 
progress.../ Build 
in progress...- 
Build in 
progress...\ Build 
in progress...| 
Build in 
progress.../ Build 
in progress...- 
Build in 
progress...\ Build 
in progress...| 
Build in 
progress.../ Build 
in progress...- 
Build in 
progress...\ Build 
in progress...| 
Build in 
progress.../ Build 
in progress...- 
Build in 
progress...\ Build 
in progress...| 
Build in 
progress.../ Build 
in progress...- 
Build in 
progress...\ Build 
in progress...| 
Build in 
progress.../ Build 
in progress...- 
Build in 
progress...\ Build 
in progress...| 
Build in 
progress.../ Build 
in progress...- 
Build in 
progress...\ Build 
in progress...| 
Build in 
progress.../ Build 
in progress...- 
Build in 
progress...\ Build 
in progress...| 
Build in 
progress.../ Build 
in progress...- 
Build in 
progress...\ Build 
in progress...| 
Build in 
progress.../ Build 
in progress...- 
Build in 
progress...\ Build 
in progress...| 
Build in 
progress.../ Build 
in progress...- 
Build in 
progress...\ Build 
in progress...| 
Build in 
progress.../ Build 
in progress...- 
Build in 
progress...\ Build 
in progress...| 
Build in 
progress.../ Build 
in progress...- 
Build in 
progress...\ Build 
in progress...| 
Build in 
progress.../ Build 
in progress...- 
Build in 
progress...\ Build 
in progress...| 
Build in 
progress.../ Build 
in progress...- 
Build in 
progress...\ Build 
in progress...| 
Build in 
progress.../ Build 
in progress...- 
Build in 
progress...\ Build 
in progress...| 
Build in 
progress.../ Build 
in progress...- 
Build in 
progress...\ Build 
in progress...| 
Build in 
progress.../ Build 
in progress...- 
Build in 
progress...\ Build 
in progress...| 
Build in 
progress.../ Build 
in progress...- 
Build in 
progress...\ Build 
in progress...| 
Build in 
progress.../ Build 
in progress...- 
Build in 
progress...\ Build 
in progress...| 
Build in 
progress.../ Build 
in progress...- 
Build in 
progress...\ Build 
in progress...| 
Build in 
progress.../ Build 
in progress...- 
Build in 
progress...\ Build 
in progress...| 
Build in 
progress.../ Build 
in progress...- 
Build in 
progress...\ Build 
in progress...Γ£ö 
Build finished

≡ƒñû Android app:
https://expo.dev/artifacts/eas/mogSqECFAhHZLm82QS7soA.apk
