The following packages should be updated for best compatibility with the installed expo version:
  babel-preset-expo@54.0.9 - expected version: ~54.0.10
  expo@54.0.30 - expected version: ~54.0.34
  expo-constants@18.0.12 - expected version: ~18.0.13
  expo-font@14.0.10 - expected version: ~14.0.11
  expo-image-picker@17.0.10 - expected version: ~17.0.11
  expo-linking@8.0.11 - expected version: ~8.0.12
  expo-router@6.0.21 - expected version: ~6.0.23
  expo-web-browser@15.0.10 - expected version: ~15.0.11
Your project may not work correctly until you install the expected versions of the packages.
"shadow*" style props are deprecated. Use "boxShadow".
λ  WARN  props.pointerEvents is deprecated. Use style.pointerEvents 
  console.warn (C:\Users\ab_mf\Downloads\rork-immoci-mobile-ui-kit---prototype\node_modules\@expo\cli\src\start\server\serverLogLikeMetro.ts:161:21)
  warnOnce (C:\Users\ab_mf\Downloads\rork-immoci-mobile-ui-kit---prototype\node_modules\react-native-web\dist\modules\warnOnce\index.js:24:13)
  createDOMProps (C:\Users\ab_mf\Downloads\rork-immoci-mobile-ui-kit---prototype\node_modules\react-native-web\dist\modules\createDOMProps\index.js:805:13)
  createElement (C:\Users\ab_mf\Downloads\rork-immoci-mobile-ui-kit---prototype\node_modules\react-native-web\dist\exports\createElement\index.js:23:32)
  Component (C:\Users\ab_mf\Downloads\rork-immoci-mobile-ui-kit---prototype\node_modules\react-native-web\dist\exports\View\index.js:111:23)
  Object.callComponentInDEV [as react-stack-bottom-frame] (C:\Users\ab_mf\Downloads\rork-immoci-mobile-ui-kit---prototype\node_modules\react-dom\cjs\react-dom-server-legacy.node.development.js:8970:18)
  renderWithHooks (C:\Users\ab_mf\Downloads\rork-immoci-mobile-ui-kit---prototype\node_modules\react-dom\cjs\react-dom-server-legacy.node.development.js:4699:19)
  run (C:\Users\ab_mf\Downloads\rork-immoci-mobile-ui-kit---prototype\node_modules\react-dom\cjs\react-dom-server-legacy.node.development.js:5539:39)
  retryNode (C:\Users\ab_mf\Downloads\rork-immoci-mobile-ui-kit---prototype\node_modules\react-dom\cjs\react-dom-server-legacy.node.development.js:5899:31)
  renderNodeDestructive (C:\Users\ab_mf\Downloads\rork-immoci-mobile-ui-kit---prototype\node_modules\react-dom\cjs\react-dom-server-legacy.node.development.js:5849:11)
"shadow*" style props are deprecated. Use "boxShadow".
λ  WARN  props.pointerEvents is deprecated. Use style.pointerEvents 
  console.warn (C:\Users\ab_mf\Downloads\rork-immoci-mobile-ui-kit---prototype\node_modules\@expo\cli\src\start\server\serverLogLikeMetro.ts:161:21)
  warnOnce (C:\Users\ab_mf\Downloads\rork-immoci-mobile-ui-kit---prototype\node_modules\react-native-web\dist\modules\warnOnce\index.js:24:13)
  createDOMProps (C:\Users\ab_mf\Downloads\rork-immoci-mobile-ui-kit---prototype\node_modules\react-native-web\dist\modules\createDOMProps\index.js:805:13)
  createElement (C:\Users\ab_mf\Downloads\rork-immoci-mobile-ui-kit---prototype\node_modules\react-native-web\dist\exports\createElement\index.js:23:32)
  Component (C:\Users\ab_mf\Downloads\rork-immoci-mobile-ui-kit---prototype\node_modules\react-native-web\dist\exports\View\index.js:111:23)
  Object.callComponentInDEV [as react-stack-bottom-frame] (C:\Users\ab_mf\Downloads\rork-immoci-mobile-ui-kit---prototype\node_modules\react-dom\cjs\react-dom-server-legacy.node.development.js:8970:18)
  renderWithHooks (C:\Users\ab_mf\Downloads\rork-immoci-mobile-ui-kit---prototype\node_modules\react-dom\cjs\react-dom-server-legacy.node.development.js:4699:19)
  run (C:\Users\ab_mf\Downloads\rork-immoci-mobile-ui-kit---prototype\node_modules\react-dom\cjs\react-dom-server-legacy.node.development.js:5539:39)
  retryNode (C:\Users\ab_mf\Downloads\rork-immoci-mobile-ui-kit---prototype\node_modules\react-dom\cjs\react-dom-server-legacy.node.development.js:5899:31)
  renderNodeDestructive (C:\Users\ab_mf\Downloads\rork-immoci-mobile-ui-kit---prototype\node_modules\react-dom\cjs\react-dom-server-legacy.node.development.js:5849:11)
"shadow*" style props are deprecated. Use "boxShadow".
λ  WARN  props.pointerEvents is deprecated. Use style.pointerEvents 
  console.warn (C:\Users\ab_mf\Downloads\rork-immoci-mobile-ui-kit---prototype\node_modules\@expo\cli\src\start\server\serverLogLikeMetro.ts:161:21)
  warnOnce (C:\Users\ab_mf\Downloads\rork-immoci-mobile-ui-kit---prototype\node_modules\react-native-web\dist\modules\warnOnce\index.js:24:13)
  createDOMProps (C:\Users\ab_mf\Downloads\rork-immoci-mobile-ui-kit---prototype\node_modules\react-native-web\dist\modules\createDOMProps\index.js:805:13)
  createElement (C:\Users\ab_mf\Downloads\rork-immoci-mobile-ui-kit---prototype\node_modules\react-native-web\dist\exports\createElement\index.js:23:32)
  Component (C:\Users\ab_mf\Downloads\rork-immoci-mobile-ui-kit---prototype\node_modules\react-native-web\dist\exports\View\index.js:111:23)
  Object.callComponentInDEV [as react-stack-bottom-frame] (C:\Users\ab_mf\Downloads\rork-immoci-mobile-ui-kit---prototype\node_modules\react-dom\cjs\react-dom-server-legacy.node.development.js:8970:18)
  renderWithHooks (C:\Users\ab_mf\Downloads\rork-immoci-mobile-ui-kit---prototype\node_modules\react-dom\cjs\react-dom-server-legacy.node.development.js:4699:19)
  run (C:\Users\ab_mf\Downloads\rork-immoci-mobile-ui-kit---prototype\node_modules\react-dom\cjs\react-dom-server-legacy.node.development.js:5539:39)
  retryNode (C:\Users\ab_mf\Downloads\rork-immoci-mobile-ui-kit---prototype\node_modules\react-dom\cjs\react-dom-server-legacy.node.development.js:5899:31)
  renderNodeDestructive (C:\Users\ab_mf\Downloads\rork-immoci-mobile-ui-kit---prototype\node_modules\react-dom\cjs\react-dom-server-legacy.node.development.js:5849:11)
Error: Cannot pipe to a closed or destroyed stream
    at pipelineImpl (node:internal/streams/pipeline:264:15)
    at node:stream/promises:31:5
    at new Promise (<anonymous>)
    at pipeline (node:stream/promises:20:10)
    at respond (C:\Users\ab_mf\Downloads\rork-immoci-mobile-ui-kit---prototype\node_modules\expo-server\src\vendor\http.ts:138:19)
    at C:\Users\ab_mf\Downloads\rork-immoci-mobile-ui-kit---prototype\node_modules\expo-server\src\vendor\http.ts:68:13
    at processTicksAndRejections (node:internal/process/task_queues:103:5)
"shadow*" style props are deprecated. Use "boxShadow".
λ  WARN  props.pointerEvents is deprecated. Use style.pointerEvents 
  console.warn (C:\Users\ab_mf\Downloads\rork-immoci-mobile-ui-kit---prototype\node_modules\@expo\cli\src\start\server\serverLogLikeMetro.ts:161:21)
  warnOnce (C:\Users\ab_mf\Downloads\rork-immoci-mobile-ui-kit---prototype\node_modules\react-native-web\dist\modules\warnOnce\index.js:24:13)
  createDOMProps (C:\Users\ab_mf\Downloads\rork-immoci-mobile-ui-kit---prototype\node_modules\react-native-web\dist\modules\createDOMProps\index.js:805:13)
  createElement (C:\Users\ab_mf\Downloads\rork-immoci-mobile-ui-kit---prototype\node_modules\react-native-web\dist\exports\createElement\index.js:23:32)
  Component (C:\Users\ab_mf\Downloads\rork-immoci-mobile-ui-kit---prototype\node_modules\react-native-web\dist\exports\View\index.js:111:23)
  Object.callComponentInDEV [as react-stack-bottom-frame] (C:\Users\ab_mf\Downloads\rork-immoci-mobile-ui-kit---prototype\node_modules\react-dom\cjs\react-dom-server-legacy.node.development.js:8970:18)
  renderWithHooks (C:\Users\ab_mf\Downloads\rork-immoci-mobile-ui-kit---prototype\node_modules\react-dom\cjs\react-dom-server-legacy.node.development.js:4699:19)
  run (C:\Users\ab_mf\Downloads\rork-immoci-mobile-ui-kit---prototype\node_modules\react-dom\cjs\react-dom-server-legacy.node.development.js:5539:39)
  retryNode (C:\Users\ab_mf\Downloads\rork-immoci-mobile-ui-kit---prototype\node_modules\react-dom\cjs\react-dom-server-legacy.node.development.js:5899:31)
  renderNodeDestructive (C:\Users\ab_mf\Downloads\rork-immoci-mobile-ui-kit---prototype\node_modules\react-dom\cjs\react-dom-server-legacy.node.development.js:5849:11)
Error: Cannot pipe to a closed or destroyed stream
    at pipelineImpl (node:internal/streams/pipeline:264:15)
    at node:stream/promises:31:5
    at new Promise (<anonymous>)
    at pipeline (node:stream/promises:20:10)
    at respond (C:\Users\ab_mf\Downloads\rork-immoci-mobile-ui-kit---prototype\node_modules\expo-server\src\vendor\http.ts:138:19)
    at C:\Users\ab_mf\Downloads\rork-immoci-mobile-ui-kit---prototype\node_modules\expo-server\src\vendor\http.ts:68:13
"shadow*" style props are deprecated. Use "boxShadow".
λ  WARN  props.pointerEvents is deprecated. Use style.pointerEvents 
  console.warn (C:\Users\ab_mf\Downloads\rork-immoci-mobile-ui-kit---prototype\node_modules\@expo\cli\src\start\server\serverLogLikeMetro.ts:161:21)
  warnOnce (C:\Users\ab_mf\Downloads\rork-immoci-mobile-ui-kit---prototype\node_modules\react-native-web\dist\modules\warnOnce\index.js:24:13)
  createDOMProps (C:\Users\ab_mf\Downloads\rork-immoci-mobile-ui-kit---prototype\node_modules\react-native-web\dist\modules\createDOMProps\index.js:805:13)
  createElement (C:\Users\ab_mf\Downloads\rork-immoci-mobile-ui-kit---prototype\node_modules\react-native-web\dist\exports\createElement\index.js:23:32)
  Component (C:\Users\ab_mf\Downloads\rork-immoci-mobile-ui-kit---prototype\node_modules\react-native-web\dist\exports\View\index.js:111:23)
  Object.callComponentInDEV [as react-stack-bottom-frame] (C:\Users\ab_mf\Downloads\rork-immoci-mobile-ui-kit---prototype\node_modules\react-dom\cjs\react-dom-server-legacy.node.development.js:8970:18)
  renderWithHooks (C:\Users\ab_mf\Downloads\rork-immoci-mobile-ui-kit---prototype\node_modules\react-dom\cjs\react-dom-server-legacy.node.development.js:4699:19)
  run (C:\Users\ab_mf\Downloads\rork-immoci-mobile-ui-kit---prototype\node_modules\react-dom\cjs\react-dom-server-legacy.node.development.js:5539:39)
  retryNode (C:\Users\ab_mf\Downloads\rork-immoci-mobile-ui-kit---prototype\node_modules\react-dom\cjs\react-dom-server-legacy.node.development.js:5899:31)
  renderNodeDestructive (C:\Users\ab_mf\Downloads\rork-immoci-mobile-ui-kit---prototype\node_modules\react-dom\cjs\react-dom-server-legacy.node.development.js:5849:11)
Error: Cannot pipe to a closed or destroyed stream
    at pipelineImpl (node:internal/streams/pipeline:264:15)
    at node:stream/promises:31:5
    at new Promise (<anonymous>)
    at pipeline (node:stream/promises:20:10)
    at respond (C:\Users\ab_mf\Downloads\rork-immoci-mobile-ui-kit---prototype\node_modules\expo-server\src\vendor\http.ts:138:19)
    at C:\Users\ab_mf\Downloads\rork-immoci-mobile-ui-kit---prototype\node_modules\expo-server\src\vendor\http.ts:68:13
"shadow*" style props are deprecated. Use "boxShadow".
λ  WARN  props.pointerEvents is deprecated. Use style.pointerEvents 
  console.warn (C:\Users\ab_mf\Downloads\rork-immoci-mobile-ui-kit---prototype\node_modules\@expo\cli\src\start\server\serverLogLikeMetro.ts:161:21)
  warnOnce (C:\Users\ab_mf\Downloads\rork-immoci-mobile-ui-kit---prototype\node_modules\react-native-web\dist\modules\warnOnce\index.js:24:13)
  createDOMProps (C:\Users\ab_mf\Downloads\rork-immoci-mobile-ui-kit---prototype\node_modules\react-native-web\dist\modules\createDOMProps\index.js:805:13)
  createElement (C:\Users\ab_mf\Downloads\rork-immoci-mobile-ui-kit---prototype\node_modules\react-native-web\dist\exports\createElement\index.js:23:32)
  Component (C:\Users\ab_mf\Downloads\rork-immoci-mobile-ui-kit---prototype\node_modules\react-native-web\dist\exports\View\index.js:111:23)
  Object.callComponentInDEV [as react-stack-bottom-frame] (C:\Users\ab_mf\Downloads\rork-immoci-mobile-ui-kit---prototype\node_modules\react-dom\cjs\react-dom-server-legacy.node.development.js:8970:18)
  renderWithHooks (C:\Users\ab_mf\Downloads\rork-immoci-mobile-ui-kit---prototype\node_modules\react-dom\cjs\react-dom-server-legacy.node.development.js:4699:19)
  run (C:\Users\ab_mf\Downloads\rork-immoci-mobile-ui-kit---prototype\node_modules\react-dom\cjs\react-dom-server-legacy.node.development.js:5539:39)
  retryNode (C:\Users\ab_mf\Downloads\rork-immoci-mobile-ui-kit---prototype\node_modules\react-dom\cjs\react-dom-server-legacy.node.development.js:5899:31)
  renderNodeDestructive (C:\Users\ab_mf\Downloads\rork-immoci-mobile-ui-kit---prototype\node_modules\react-dom\cjs\react-dom-server-legacy.node.development.js:5849:11)
Error: Cannot pipe to a closed or destroyed stream
    at pipelineImpl (node:internal/streams/pipeline:264:15)
    at node:stream/promises:31:5
    at new Promise (<anonymous>)
    at pipeline (node:stream/promises:20:10)
    at respond (C:\Users\ab_mf\Downloads\rork-immoci-mobile-ui-kit---prototype\node_modules\expo-server\src\vendor\http.ts:138:19)
    at C:\Users\ab_mf\Downloads\rork-immoci-mobile-ui-kit---prototype\node_modules\expo-server\src\vendor\http.ts:68:13
Using API routes requires the web.output to be set to "server" in the project app.json. Learn more: https://docs.expo.dev/router/reference/api-routes/
[Properties] fetch failed, falling back to local DB: TypeError: fetch failed
[Properties] fetch failed, falling back to local DB: TypeError: fetch failed
"shadow*" style props are deprecated. Use "boxShadow".
λ  WARN  props.pointerEvents is deprecated. Use style.pointerEvents 
  console.warn (C:\Users\ab_mf\Downloads\rork-immoci-mobile-ui-kit---prototype\node_modules\@expo\cli\src\start\server\serverLogLikeMetro.ts:161:21)
  warnOnce (C:\Users\ab_mf\Downloads\rork-immoci-mobile-ui-kit---prototype\node_modules\react-native-web\dist\modules\warnOnce\index.js:24:13)
  createDOMProps (C:\Users\ab_mf\Downloads\rork-immoci-mobile-ui-kit---prototype\node_modules\react-native-web\dist\modules\createDOMProps\index.js:805:13)
  createElement (C:\Users\ab_mf\Downloads\rork-immoci-mobile-ui-kit---prototype\node_modules\react-native-web\dist\exports\createElement\index.js:23:32)
  Component (C:\Users\ab_mf\Downloads\rork-immoci-mobile-ui-kit---prototype\node_modules\react-native-web\dist\exports\View\index.js:111:23)
  Object.callComponentInDEV [as react-stack-bottom-frame] (C:\Users\ab_mf\Downloads\rork-immoci-mobile-ui-kit---prototype\node_modules\react-dom\cjs\react-dom-server-legacy.node.development.js:8970:18)
  renderWithHooks (C:\Users\ab_mf\Downloads\rork-immoci-mobile-ui-kit---prototype\node_modules\react-dom\cjs\react-dom-server-legacy.node.development.js:4699:19)
  run (C:\Users\ab_mf\Downloads\rork-immoci-mobile-ui-kit---prototype\node_modules\react-dom\cjs\react-dom-server-legacy.node.development.js:5539:39)
  retryNode (C:\Users\ab_mf\Downloads\rork-immoci-mobile-ui-kit---prototype\node_modules\react-dom\cjs\react-dom-server-legacy.node.development.js:5899:31)
  renderNodeDestructive (C:\Users\ab_mf\Downloads\rork-immoci-mobile-ui-kit---prototype\node_modules\react-dom\cjs\react-dom-server-legacy.node.development.js:5849:11)
